Archive member included because of file (symbol)

w:/iti embedded systems/tools/01- imt_sdk_win_64/winavr/bin/../lib/gcc/avr/4.3.3/avr5\libgcc.a(_udivmodqi4.o)
                              ./HAL/LCD/lcd_program.o (__udivmodqi4)
w:/iti embedded systems/tools/01- imt_sdk_win_64/winavr/bin/../lib/gcc/avr/4.3.3/avr5\libgcc.a(_exit.o)
                              w:/iti embedded systems/tools/01- imt_sdk_win_64/winavr/bin/../lib/gcc/avr/4.3.3/../../../../avr/lib/avr5/crtm32.o (exit)
w:/iti embedded systems/tools/01- imt_sdk_win_64/winavr/bin/../lib/gcc/avr/4.3.3/avr5\libgcc.a(_copy_data.o)
                              ./HAL/KEY_PAD/KEY_PAD_program.o (__do_copy_data)
w:/iti embedded systems/tools/01- imt_sdk_win_64/winavr/bin/../lib/gcc/avr/4.3.3/avr5\libgcc.a(_clear_bss.o)
                              ./MCAL/TIMER/TIMER_Program.o (__do_clear_bss)
w:/iti embedded systems/tools/01- imt_sdk_win_64/winavr/bin/../lib/gcc/avr/4.3.3/avr5\libgcc.a(_fixunssfsi.o)
                              ./HAL/LCD/lcd_program.o (__fixunssfsi)
w:/iti embedded systems/tools/01- imt_sdk_win_64/winavr/bin/../lib/gcc/avr/4.3.3/avr5\libgcc.a(_addsub_sf.o)
                              w:/iti embedded systems/tools/01- imt_sdk_win_64/winavr/bin/../lib/gcc/avr/4.3.3/avr5\libgcc.a(_fixunssfsi.o) (__subsf3)
w:/iti embedded systems/tools/01- imt_sdk_win_64/winavr/bin/../lib/gcc/avr/4.3.3/avr5\libgcc.a(_mul_sf.o)
                              ./HAL/LCD/lcd_program.o (__mulsf3)
w:/iti embedded systems/tools/01- imt_sdk_win_64/winavr/bin/../lib/gcc/avr/4.3.3/avr5\libgcc.a(_gt_sf.o)
                              ./HAL/LCD/lcd_program.o (__gtsf2)
w:/iti embedded systems/tools/01- imt_sdk_win_64/winavr/bin/../lib/gcc/avr/4.3.3/avr5\libgcc.a(_ge_sf.o)
                              w:/iti embedded systems/tools/01- imt_sdk_win_64/winavr/bin/../lib/gcc/avr/4.3.3/avr5\libgcc.a(_fixunssfsi.o) (__gesf2)
w:/iti embedded systems/tools/01- imt_sdk_win_64/winavr/bin/../lib/gcc/avr/4.3.3/avr5\libgcc.a(_lt_sf.o)
                              ./HAL/LCD/lcd_program.o (__ltsf2)
w:/iti embedded systems/tools/01- imt_sdk_win_64/winavr/bin/../lib/gcc/avr/4.3.3/avr5\libgcc.a(_sf_to_si.o)
                              w:/iti embedded systems/tools/01- imt_sdk_win_64/winavr/bin/../lib/gcc/avr/4.3.3/avr5\libgcc.a(_fixunssfsi.o) (__fixsfsi)
w:/iti embedded systems/tools/01- imt_sdk_win_64/winavr/bin/../lib/gcc/avr/4.3.3/avr5\libgcc.a(_thenan_sf.o)
                              w:/iti embedded systems/tools/01- imt_sdk_win_64/winavr/bin/../lib/gcc/avr/4.3.3/avr5\libgcc.a(_addsub_sf.o) (__thenan_sf)
w:/iti embedded systems/tools/01- imt_sdk_win_64/winavr/bin/../lib/gcc/avr/4.3.3/avr5\libgcc.a(_prologue.o)
                              w:/iti embedded systems/tools/01- imt_sdk_win_64/winavr/bin/../lib/gcc/avr/4.3.3/avr5\libgcc.a(_addsub_sf.o) (__prologue_saves__)
w:/iti embedded systems/tools/01- imt_sdk_win_64/winavr/bin/../lib/gcc/avr/4.3.3/avr5\libgcc.a(_epilogue.o)
                              w:/iti embedded systems/tools/01- imt_sdk_win_64/winavr/bin/../lib/gcc/avr/4.3.3/avr5\libgcc.a(_addsub_sf.o) (__epilogue_restores__)
w:/iti embedded systems/tools/01- imt_sdk_win_64/winavr/bin/../lib/gcc/avr/4.3.3/avr5\libgcc.a(_pack_sf.o)
                              w:/iti embedded systems/tools/01- imt_sdk_win_64/winavr/bin/../lib/gcc/avr/4.3.3/avr5\libgcc.a(_addsub_sf.o) (__pack_f)
w:/iti embedded systems/tools/01- imt_sdk_win_64/winavr/bin/../lib/gcc/avr/4.3.3/avr5\libgcc.a(_unpack_sf.o)
                              w:/iti embedded systems/tools/01- imt_sdk_win_64/winavr/bin/../lib/gcc/avr/4.3.3/avr5\libgcc.a(_addsub_sf.o) (__unpack_f)
w:/iti embedded systems/tools/01- imt_sdk_win_64/winavr/bin/../lib/gcc/avr/4.3.3/avr5\libgcc.a(_fpcmp_parts_sf.o)
                              w:/iti embedded systems/tools/01- imt_sdk_win_64/winavr/bin/../lib/gcc/avr/4.3.3/avr5\libgcc.a(_gt_sf.o) (__fpcmp_parts_f)

Memory Configuration

Name             Origin             Length             Attributes
text             0x00000000         0x00020000         xr
data             0x00800060         0x0000ffa0         rw !x
eeprom           0x00810000         0x00010000         rw !x
fuse             0x00820000         0x00000400         rw !x
lock             0x00830000         0x00000400         rw !x
signature        0x00840000         0x00000400         rw !x
*default*        0x00000000         0xffffffff

Linker script and memory map

LOAD w:/iti embedded systems/tools/01- imt_sdk_win_64/winavr/bin/../lib/gcc/avr/4.3.3/../../../../avr/lib/avr5/crtm32.o
LOAD ./MCAL/UART/UART_program.o
LOAD ./MCAL/TIMER/TIMER_Program.o
LOAD ./MCAL/INTERRUPT/INT_Program.o
LOAD ./MCAL/DIO/DIO_Program.o
LOAD ./MCAL/ADC/ADC_program.o
LOAD ./HAL/SWITCH/switch_program.o
LOAD ./HAL/LED/led_program.o
LOAD ./HAL/LCD/lcd_program.o
LOAD ./HAL/KEY_PAD/KEY_PAD_program.o
LOAD ./HAL/7_SEGMENT/SevSeg_program.o
LOAD ./APP/main.o
LOAD w:/iti embedded systems/tools/01- imt_sdk_win_64/winavr/bin/../lib/gcc/avr/4.3.3/avr5\libgcc.a
LOAD w:/iti embedded systems/tools/01- imt_sdk_win_64/winavr/bin/../lib/gcc/avr/4.3.3/../../../../avr/lib/avr5\libc.a
LOAD w:/iti embedded systems/tools/01- imt_sdk_win_64/winavr/bin/../lib/gcc/avr/4.3.3/avr5\libgcc.a

.hash
 *(.hash)

.dynsym
 *(.dynsym)

.dynstr
 *(.dynstr)

.gnu.version
 *(.gnu.version)

.gnu.version_d
 *(.gnu.version_d)

.gnu.version_r
 *(.gnu.version_r)

.rel.init
 *(.rel.init)

.rela.init
 *(.rela.init)

.rel.text
 *(.rel.text)
 *(.rel.text.*)
 *(.rel.gnu.linkonce.t*)

.rela.text
 *(.rela.text)
 *(.rela.text.*)
 *(.rela.gnu.linkonce.t*)

.rel.fini
 *(.rel.fini)

.rela.fini
 *(.rela.fini)

.rel.rodata
 *(.rel.rodata)
 *(.rel.rodata.*)
 *(.rel.gnu.linkonce.r*)

.rela.rodata
 *(.rela.rodata)
 *(.rela.rodata.*)
 *(.rela.gnu.linkonce.r*)

.rel.data
 *(.rel.data)
 *(.rel.data.*)
 *(.rel.gnu.linkonce.d*)

.rela.data
 *(.rela.data)
 *(.rela.data.*)
 *(.rela.gnu.linkonce.d*)

.rel.ctors
 *(.rel.ctors)

.rela.ctors
 *(.rela.ctors)

.rel.dtors
 *(.rel.dtors)

.rela.dtors
 *(.rela.dtors)

.rel.got
 *(.rel.got)

.rela.got
 *(.rela.got)

.rel.bss
 *(.rel.bss)

.rela.bss
 *(.rela.bss)

.rel.plt
 *(.rel.plt)

.rela.plt
 *(.rela.plt)

.text           0x00000000     0x3846
 *(.vectors)
 .vectors       0x00000000       0x54 w:/iti embedded systems/tools/01- imt_sdk_win_64/winavr/bin/../lib/gcc/avr/4.3.3/../../../../avr/lib/avr5/crtm32.o
                0x00000000                __vectors
                0x00000000                __vector_default
 *(.vectors)
 *(.progmem.gcc*)
 *(.progmem*)
                0x00000054                . = ALIGN (0x2)
                0x00000054                __trampolines_start = .
 *(.trampolines)
 .trampolines   0x00000054        0x0 linker stubs
 *(.trampolines*)
                0x00000054                __trampolines_end = .
 *(.jumptables)
 *(.jumptables*)
 *(.lowtext)
 *(.lowtext*)
                0x00000054                __ctors_start = .
 *(.ctors)
                0x00000054                __ctors_end = .
                0x00000054                __dtors_start = .
 *(.dtors)
                0x00000054                __dtors_end = .
 SORT(*)(.ctors)
 SORT(*)(.dtors)
 *(.init0)
 .init0         0x00000054        0x0 w:/iti embedded systems/tools/01- imt_sdk_win_64/winavr/bin/../lib/gcc/avr/4.3.3/../../../../avr/lib/avr5/crtm32.o
                0x00000054                __init
 *(.init0)
 *(.init1)
 *(.init1)
 *(.init2)
 .init2         0x00000054        0xc w:/iti embedded systems/tools/01- imt_sdk_win_64/winavr/bin/../lib/gcc/avr/4.3.3/../../../../avr/lib/avr5/crtm32.o
 *(.init2)
 *(.init3)
 *(.init3)
 *(.init4)
 .init4         0x00000060       0x16 w:/iti embedded systems/tools/01- imt_sdk_win_64/winavr/bin/../lib/gcc/avr/4.3.3/avr5\libgcc.a(_copy_data.o)
                0x00000060                __do_copy_data
 .init4         0x00000076       0x10 w:/iti embedded systems/tools/01- imt_sdk_win_64/winavr/bin/../lib/gcc/avr/4.3.3/avr5\libgcc.a(_clear_bss.o)
                0x00000076                __do_clear_bss
 *(.init4)
 *(.init5)
 *(.init5)
 *(.init6)
 *(.init6)
 *(.init7)
 *(.init7)
 *(.init8)
 *(.init8)
 *(.init9)
 .init9         0x00000086        0x8 w:/iti embedded systems/tools/01- imt_sdk_win_64/winavr/bin/../lib/gcc/avr/4.3.3/../../../../avr/lib/avr5/crtm32.o
 *(.init9)
 *(.text)
 .text          0x0000008e        0x4 w:/iti embedded systems/tools/01- imt_sdk_win_64/winavr/bin/../lib/gcc/avr/4.3.3/../../../../avr/lib/avr5/crtm32.o
                0x0000008e                __vector_12
                0x0000008e                __bad_interrupt
                0x0000008e                __vector_6
                0x0000008e                __vector_3
                0x0000008e                __vector_13
                0x0000008e                __vector_17
                0x0000008e                __vector_19
                0x0000008e                __vector_7
                0x0000008e                __vector_5
                0x0000008e                __vector_4
                0x0000008e                __vector_9
                0x0000008e                __vector_2
                0x0000008e                __vector_15
                0x0000008e                __vector_8
                0x0000008e                __vector_14
                0x0000008e                __vector_16
                0x0000008e                __vector_18
                0x0000008e                __vector_20
 .text          0x00000092        0x0 ./MCAL/UART/UART_program.o
 .text          0x00000092        0x0 ./MCAL/TIMER/TIMER_Program.o
 .text          0x00000092        0x0 ./MCAL/INTERRUPT/INT_Program.o
 .text          0x00000092        0x0 ./MCAL/DIO/DIO_Program.o
 .text          0x00000092        0x0 ./MCAL/ADC/ADC_program.o
 .text          0x00000092        0x0 ./HAL/SWITCH/switch_program.o
 .text          0x00000092        0x0 ./HAL/LED/led_program.o
 .text          0x00000092        0x0 ./HAL/LCD/lcd_program.o
 .text          0x00000092        0x0 ./HAL/KEY_PAD/KEY_PAD_program.o
 .text          0x00000092        0x0 ./HAL/7_SEGMENT/SevSeg_program.o
 .text          0x00000092        0x0 ./APP/main.o
 .text          0x00000092        0x0 w:/iti embedded systems/tools/01- imt_sdk_win_64/winavr/bin/../lib/gcc/avr/4.3.3/avr5\libgcc.a(_udivmodqi4.o)
 .text          0x00000092        0x0 w:/iti embedded systems/tools/01- imt_sdk_win_64/winavr/bin/../lib/gcc/avr/4.3.3/avr5\libgcc.a(_exit.o)
 .text          0x00000092        0x0 w:/iti embedded systems/tools/01- imt_sdk_win_64/winavr/bin/../lib/gcc/avr/4.3.3/avr5\libgcc.a(_copy_data.o)
 .text          0x00000092        0x0 w:/iti embedded systems/tools/01- imt_sdk_win_64/winavr/bin/../lib/gcc/avr/4.3.3/avr5\libgcc.a(_clear_bss.o)
 .text          0x00000092       0x58 w:/iti embedded systems/tools/01- imt_sdk_win_64/winavr/bin/../lib/gcc/avr/4.3.3/avr5\libgcc.a(_fixunssfsi.o)
                0x00000092                __fixunssfsi
 .text          0x000000ea      0x354 w:/iti embedded systems/tools/01- imt_sdk_win_64/winavr/bin/../lib/gcc/avr/4.3.3/avr5\libgcc.a(_addsub_sf.o)
                0x00000382                __subsf3
                0x000003e4                __addsf3
 .text          0x0000043e      0x1f4 w:/iti embedded systems/tools/01- imt_sdk_win_64/winavr/bin/../lib/gcc/avr/4.3.3/avr5\libgcc.a(_mul_sf.o)
                0x0000043e                __mulsf3
 .text          0x00000632       0x60 w:/iti embedded systems/tools/01- imt_sdk_win_64/winavr/bin/../lib/gcc/avr/4.3.3/avr5\libgcc.a(_gt_sf.o)
                0x00000632                __gtsf2
 .text          0x00000692       0x60 w:/iti embedded systems/tools/01- imt_sdk_win_64/winavr/bin/../lib/gcc/avr/4.3.3/avr5\libgcc.a(_ge_sf.o)
                0x00000692                __gesf2
 .text          0x000006f2       0x60 w:/iti embedded systems/tools/01- imt_sdk_win_64/winavr/bin/../lib/gcc/avr/4.3.3/avr5\libgcc.a(_lt_sf.o)
                0x000006f2                __ltsf2
 .text          0x00000752       0xa8 w:/iti embedded systems/tools/01- imt_sdk_win_64/winavr/bin/../lib/gcc/avr/4.3.3/avr5\libgcc.a(_sf_to_si.o)
                0x00000752                __fixsfsi
 .text          0x000007fa        0x0 w:/iti embedded systems/tools/01- imt_sdk_win_64/winavr/bin/../lib/gcc/avr/4.3.3/avr5\libgcc.a(_thenan_sf.o)
 .text          0x000007fa        0x0 w:/iti embedded systems/tools/01- imt_sdk_win_64/winavr/bin/../lib/gcc/avr/4.3.3/avr5\libgcc.a(_prologue.o)
 .text          0x000007fa        0x0 w:/iti embedded systems/tools/01- imt_sdk_win_64/winavr/bin/../lib/gcc/avr/4.3.3/avr5\libgcc.a(_epilogue.o)
 .text          0x000007fa      0x1aa w:/iti embedded systems/tools/01- imt_sdk_win_64/winavr/bin/../lib/gcc/avr/4.3.3/avr5\libgcc.a(_pack_sf.o)
                0x000007fa                __pack_f
 .text          0x000009a4       0xf0 w:/iti embedded systems/tools/01- imt_sdk_win_64/winavr/bin/../lib/gcc/avr/4.3.3/avr5\libgcc.a(_unpack_sf.o)
                0x000009a4                __unpack_f
 .text          0x00000a94       0xb2 w:/iti embedded systems/tools/01- imt_sdk_win_64/winavr/bin/../lib/gcc/avr/4.3.3/avr5\libgcc.a(_fpcmp_parts_sf.o)
                0x00000a94                __fpcmp_parts_f
                0x00000b46                . = ALIGN (0x2)
 *(.text.*)
 .text.uart_init
                0x00000b46       0x52 ./MCAL/UART/UART_program.o
                0x00000b46                uart_init
 .text.uart_receive
                0x00000b98       0x28 ./MCAL/UART/UART_program.o
                0x00000b98                uart_receive
 .text.set_timer
                0x00000bc0      0x1c8 ./MCAL/TIMER/TIMER_Program.o
                0x00000bc0                set_timer
 .text.Set_PWM  0x00000d88      0x258 ./MCAL/TIMER/TIMER_Program.o
                0x00000d88                Set_PWM
 .text.TIMERS_Setpwm
                0x00000fe0       0x1c ./MCAL/TIMER/TIMER_Program.o
                0x00000fe0                TIMERS_Setpwm
 .text.TIMERS_SetCallBack
                0x00000ffc       0x24 ./MCAL/TIMER/TIMER_Program.o
                0x00000ffc                TIMERS_SetCallBack
 .text.__vector_10
                0x00001020       0x66 ./MCAL/TIMER/TIMER_Program.o
                0x00001020                __vector_10
 .text.__vector_11
                0x00001086       0x66 ./MCAL/TIMER/TIMER_Program.o
                0x00001086                __vector_11
 .text.EXTI_EXTIErrStateInit
                0x000010ec      0x338 ./MCAL/INTERRUPT/INT_Program.o
                0x000010ec                EXTI_EXTIErrStateInit
 .text.EXTI_FlagStatePollingHandler
                0x00001424       0x88 ./MCAL/INTERRUPT/INT_Program.o
                0x00001424                EXTI_FlagStatePollingHandler
 .text.__vector_1
                0x000014ac       0x66 ./MCAL/INTERRUPT/INT_Program.o
                0x000014ac                __vector_1
 .text.setcallback
                0x00001512       0x24 ./MCAL/INTERRUPT/INT_Program.o
                0x00001512                setcallback
 .text.DIO_ErrStateSetPinDirection
                0x00001536      0x226 ./MCAL/DIO/DIO_Program.o
                0x00001536                DIO_ErrStateSetPinDirection
 .text.DIO_ErrStateSetPinValue
                0x0000175c      0x226 ./MCAL/DIO/DIO_Program.o
                0x0000175c                DIO_ErrStateSetPinValue
 .text.DIO_ErrStateReadPinValue
                0x00001982      0x128 ./MCAL/DIO/DIO_Program.o
                0x00001982                DIO_ErrStateReadPinValue
 .text.DIO_ErrStateSetGroupDirection
                0x00001aaa       0x92 ./MCAL/DIO/DIO_Program.o
                0x00001aaa                DIO_ErrStateSetGroupDirection
 .text.DIO_ErrStateSetGroupValue
                0x00001b3c       0x92 ./MCAL/DIO/DIO_Program.o
                0x00001b3c                DIO_ErrStateSetGroupValue
 .text.DIO_ErrStateReadGroupValue
                0x00001bce       0xb6 ./MCAL/DIO/DIO_Program.o
                0x00001bce                DIO_ErrStateReadGroupValue
 .text.adc_init
                0x00001c84       0x46 ./MCAL/ADC/ADC_program.o
                0x00001c84                adc_init
 .text.adc_readingchannel
                0x00001cca       0x16 ./MCAL/ADC/ADC_program.o
                0x00001cca                adc_readingchannel
 .text.SW_SwitchErrStateGetState
                0x00001ce0       0xf6 ./HAL/SWITCH/switch_program.o
                0x00001ce0                SW_SwitchErrStateGetState
 .text.Led_LedErrStateTurnOn
                0x00001dd6       0x8c ./HAL/LED/led_program.o
                0x00001dd6                Led_LedErrStateTurnOn
 .text.Led_LedErrStateTurnOff
                0x00001e62       0x8c ./HAL/LED/led_program.o
                0x00001e62                Led_LedErrStateTurnOff
 .text.lcd_voidsendcommand
                0x00001eee      0x28c ./HAL/LCD/lcd_program.o
                0x00001eee                lcd_voidsendcommand
 .text.lcd_voidgoxy
                0x0000217a       0x4e ./HAL/LCD/lcd_program.o
                0x0000217a                lcd_voidgoxy
 .text.lcd_voidsendchar
                0x000021c8      0x28c ./HAL/LCD/lcd_program.o
                0x000021c8                lcd_voidsendchar
 .text.lcd_voidcgram
                0x00002454       0x8e ./HAL/LCD/lcd_program.o
                0x00002454                lcd_voidcgram
 .text.lcd_voidsendnum
                0x000024e2       0xea ./HAL/LCD/lcd_program.o
                0x000024e2                lcd_voidsendnum
 .text.lcd_voidsendstring
                0x000025cc       0x62 ./HAL/LCD/lcd_program.o
                0x000025cc                lcd_voidsendstring
 .text.lcd_voidclear
                0x0000262e      0x284 ./HAL/LCD/lcd_program.o
                0x0000262e                lcd_voidclear
 .text.lcd_voidinit
                0x000028b2      0x450 ./HAL/LCD/lcd_program.o
                0x000028b2                lcd_voidinit
 .text.KEY_pad_voidinit
                0x00002d02       0x96 ./HAL/KEY_PAD/KEY_PAD_program.o
                0x00002d02                KEY_pad_voidinit
 .text.Key_Pad_u8GetButtonPressed
                0x00002d98      0x21e ./HAL/KEY_PAD/KEY_PAD_program.o
                0x00002d98                Key_Pad_u8GetButtonPressed
 .text.SevSeg_SevErrStateSetNumber
                0x00002fb6      0x2b6 ./HAL/7_SEGMENT/SevSeg_program.o
                0x00002fb6                SevSeg_SevErrStateSetNumber
 .text.SevSeg_SevErrStateDisplayRange
                0x0000326c      0x4cc ./HAL/7_SEGMENT/SevSeg_program.o
                0x0000326c                SevSeg_SevErrStateDisplayRange
 .text.main     0x00003738       0x84 ./APP/main.o
                0x00003738                main
 .text.libgcc   0x000037bc       0x18 w:/iti embedded systems/tools/01- imt_sdk_win_64/winavr/bin/../lib/gcc/avr/4.3.3/avr5\libgcc.a(_udivmodqi4.o)
                0x000037bc                __udivmodqi4
 .text.libgcc   0x000037d4        0x0 w:/iti embedded systems/tools/01- imt_sdk_win_64/winavr/bin/../lib/gcc/avr/4.3.3/avr5\libgcc.a(_exit.o)
 .text.libgcc   0x000037d4        0x0 w:/iti embedded systems/tools/01- imt_sdk_win_64/winavr/bin/../lib/gcc/avr/4.3.3/avr5\libgcc.a(_copy_data.o)
 .text.libgcc   0x000037d4        0x0 w:/iti embedded systems/tools/01- imt_sdk_win_64/winavr/bin/../lib/gcc/avr/4.3.3/avr5\libgcc.a(_clear_bss.o)
 .text.libgcc   0x000037d4       0x38 w:/iti embedded systems/tools/01- imt_sdk_win_64/winavr/bin/../lib/gcc/avr/4.3.3/avr5\libgcc.a(_prologue.o)
                0x000037d4                __prologue_saves__
 .text.libgcc   0x0000380c       0x36 w:/iti embedded systems/tools/01- imt_sdk_win_64/winavr/bin/../lib/gcc/avr/4.3.3/avr5\libgcc.a(_epilogue.o)
                0x0000380c                __epilogue_restores__
                0x00003842                . = ALIGN (0x2)
 *(.fini9)
 .fini9         0x00003842        0x0 w:/iti embedded systems/tools/01- imt_sdk_win_64/winavr/bin/../lib/gcc/avr/4.3.3/avr5\libgcc.a(_exit.o)
                0x00003842                exit
                0x00003842                _exit
 *(.fini9)
 *(.fini8)
 *(.fini8)
 *(.fini7)
 *(.fini7)
 *(.fini6)
 *(.fini6)
 *(.fini5)
 *(.fini5)
 *(.fini4)
 *(.fini4)
 *(.fini3)
 *(.fini3)
 *(.fini2)
 *(.fini2)
 *(.fini1)
 *(.fini1)
 *(.fini0)
 .fini0         0x00003842        0x4 w:/iti embedded systems/tools/01- imt_sdk_win_64/winavr/bin/../lib/gcc/avr/4.3.3/avr5\libgcc.a(_exit.o)
 *(.fini0)
                0x00003846                _etext = .

.data           0x00800060       0x2a load address 0x00003846
                0x00800060                PROVIDE (__data_start, .)
 *(.data)
 .data          0x00800060        0x0 w:/iti embedded systems/tools/01- imt_sdk_win_64/winavr/bin/../lib/gcc/avr/4.3.3/../../../../avr/lib/avr5/crtm32.o
 .data          0x00800060        0x0 ./MCAL/UART/UART_program.o
 .data          0x00800060        0x0 ./MCAL/TIMER/TIMER_Program.o
 .data          0x00800060        0x0 ./MCAL/INTERRUPT/INT_Program.o
 .data          0x00800060        0x0 ./MCAL/DIO/DIO_Program.o
 .data          0x00800060        0x0 ./MCAL/ADC/ADC_program.o
 .data          0x00800060        0x0 ./HAL/SWITCH/switch_program.o
 .data          0x00800060        0x0 ./HAL/LED/led_program.o
 .data          0x00800060        0x0 ./HAL/LCD/lcd_program.o
 .data          0x00800060        0x0 ./HAL/KEY_PAD/KEY_PAD_program.o
 .data          0x00800060        0x0 ./HAL/7_SEGMENT/SevSeg_program.o
 .data          0x00800060        0x0 ./APP/main.o
 .data          0x00800060        0x0 w:/iti embedded systems/tools/01- imt_sdk_win_64/winavr/bin/../lib/gcc/avr/4.3.3/avr5\libgcc.a(_udivmodqi4.o)
 .data          0x00800060        0x0 w:/iti embedded systems/tools/01- imt_sdk_win_64/winavr/bin/../lib/gcc/avr/4.3.3/avr5\libgcc.a(_exit.o)
 .data          0x00800060        0x0 w:/iti embedded systems/tools/01- imt_sdk_win_64/winavr/bin/../lib/gcc/avr/4.3.3/avr5\libgcc.a(_copy_data.o)
 .data          0x00800060        0x0 w:/iti embedded systems/tools/01- imt_sdk_win_64/winavr/bin/../lib/gcc/avr/4.3.3/avr5\libgcc.a(_clear_bss.o)
 .data          0x00800060        0x0 w:/iti embedded systems/tools/01- imt_sdk_win_64/winavr/bin/../lib/gcc/avr/4.3.3/avr5\libgcc.a(_fixunssfsi.o)
 .data          0x00800060        0x0 w:/iti embedded systems/tools/01- imt_sdk_win_64/winavr/bin/../lib/gcc/avr/4.3.3/avr5\libgcc.a(_addsub_sf.o)
 .data          0x00800060        0x0 w:/iti embedded systems/tools/01- imt_sdk_win_64/winavr/bin/../lib/gcc/avr/4.3.3/avr5\libgcc.a(_mul_sf.o)
 .data          0x00800060        0x0 w:/iti embedded systems/tools/01- imt_sdk_win_64/winavr/bin/../lib/gcc/avr/4.3.3/avr5\libgcc.a(_gt_sf.o)
 .data          0x00800060        0x0 w:/iti embedded systems/tools/01- imt_sdk_win_64/winavr/bin/../lib/gcc/avr/4.3.3/avr5\libgcc.a(_ge_sf.o)
 .data          0x00800060        0x0 w:/iti embedded systems/tools/01- imt_sdk_win_64/winavr/bin/../lib/gcc/avr/4.3.3/avr5\libgcc.a(_lt_sf.o)
 .data          0x00800060        0x0 w:/iti embedded systems/tools/01- imt_sdk_win_64/winavr/bin/../lib/gcc/avr/4.3.3/avr5\libgcc.a(_sf_to_si.o)
 .data          0x00800060        0x8 w:/iti embedded systems/tools/01- imt_sdk_win_64/winavr/bin/../lib/gcc/avr/4.3.3/avr5\libgcc.a(_thenan_sf.o)
                0x00800060                __thenan_sf
 .data          0x00800068        0x0 w:/iti embedded systems/tools/01- imt_sdk_win_64/winavr/bin/../lib/gcc/avr/4.3.3/avr5\libgcc.a(_prologue.o)
 .data          0x00800068        0x0 w:/iti embedded systems/tools/01- imt_sdk_win_64/winavr/bin/../lib/gcc/avr/4.3.3/avr5\libgcc.a(_epilogue.o)
 .data          0x00800068        0x0 w:/iti embedded systems/tools/01- imt_sdk_win_64/winavr/bin/../lib/gcc/avr/4.3.3/avr5\libgcc.a(_pack_sf.o)
 .data          0x00800068        0x0 w:/iti embedded systems/tools/01- imt_sdk_win_64/winavr/bin/../lib/gcc/avr/4.3.3/avr5\libgcc.a(_unpack_sf.o)
 .data          0x00800068        0x0 w:/iti embedded systems/tools/01- imt_sdk_win_64/winavr/bin/../lib/gcc/avr/4.3.3/avr5\libgcc.a(_fpcmp_parts_sf.o)
 *(.data*)
 .data.KEY_PAD_values
                0x00800068       0x10 ./HAL/KEY_PAD/KEY_PAD_program.o
                0x00800068                KEY_PAD_values
 .data.KEY_PAD_array
                0x00800078        0x8 ./HAL/KEY_PAD/KEY_PAD_program.o
                0x00800078                KEY_PAD_array
 .data.pwm1     0x00800080        0x3 ./APP/main.o
                0x00800080                pwm1
 .data.lcd1     0x00800083        0x7 ./APP/main.o
                0x00800083                lcd1
 *(.rodata)
 *(.rodata*)
 *(.gnu.linkonce.d*)
                0x0080008a                . = ALIGN (0x2)
                0x0080008a                _edata = .
                0x0080008a                PROVIDE (__data_end, .)

.bss            0x0080008a        0x4
                0x0080008a                PROVIDE (__bss_start, .)
 *(.bss)
 .bss           0x0080008a        0x0 w:/iti embedded systems/tools/01- imt_sdk_win_64/winavr/bin/../lib/gcc/avr/4.3.3/../../../../avr/lib/avr5/crtm32.o
 .bss           0x0080008a        0x0 ./MCAL/UART/UART_program.o
 .bss           0x0080008a        0x0 ./MCAL/TIMER/TIMER_Program.o
 .bss           0x0080008a        0x0 ./MCAL/INTERRUPT/INT_Program.o
 .bss           0x0080008a        0x0 ./MCAL/DIO/DIO_Program.o
 .bss           0x0080008a        0x0 ./MCAL/ADC/ADC_program.o
 .bss           0x0080008a        0x0 ./HAL/SWITCH/switch_program.o
 .bss           0x0080008a        0x0 ./HAL/LED/led_program.o
 .bss           0x0080008a        0x0 ./HAL/LCD/lcd_program.o
 .bss           0x0080008a        0x0 ./HAL/KEY_PAD/KEY_PAD_program.o
 .bss           0x0080008a        0x0 ./HAL/7_SEGMENT/SevSeg_program.o
 .bss           0x0080008a        0x0 ./APP/main.o
 .bss           0x0080008a        0x0 w:/iti embedded systems/tools/01- imt_sdk_win_64/winavr/bin/../lib/gcc/avr/4.3.3/avr5\libgcc.a(_udivmodqi4.o)
 .bss           0x0080008a        0x0 w:/iti embedded systems/tools/01- imt_sdk_win_64/winavr/bin/../lib/gcc/avr/4.3.3/avr5\libgcc.a(_exit.o)
 .bss           0x0080008a        0x0 w:/iti embedded systems/tools/01- imt_sdk_win_64/winavr/bin/../lib/gcc/avr/4.3.3/avr5\libgcc.a(_copy_data.o)
 .bss           0x0080008a        0x0 w:/iti embedded systems/tools/01- imt_sdk_win_64/winavr/bin/../lib/gcc/avr/4.3.3/avr5\libgcc.a(_clear_bss.o)
 .bss           0x0080008a        0x0 w:/iti embedded systems/tools/01- imt_sdk_win_64/winavr/bin/../lib/gcc/avr/4.3.3/avr5\libgcc.a(_fixunssfsi.o)
 .bss           0x0080008a        0x0 w:/iti embedded systems/tools/01- imt_sdk_win_64/winavr/bin/../lib/gcc/avr/4.3.3/avr5\libgcc.a(_addsub_sf.o)
 .bss           0x0080008a        0x0 w:/iti embedded systems/tools/01- imt_sdk_win_64/winavr/bin/../lib/gcc/avr/4.3.3/avr5\libgcc.a(_mul_sf.o)
 .bss           0x0080008a        0x0 w:/iti embedded systems/tools/01- imt_sdk_win_64/winavr/bin/../lib/gcc/avr/4.3.3/avr5\libgcc.a(_gt_sf.o)
 .bss           0x0080008a        0x0 w:/iti embedded systems/tools/01- imt_sdk_win_64/winavr/bin/../lib/gcc/avr/4.3.3/avr5\libgcc.a(_ge_sf.o)
 .bss           0x0080008a        0x0 w:/iti embedded systems/tools/01- imt_sdk_win_64/winavr/bin/../lib/gcc/avr/4.3.3/avr5\libgcc.a(_lt_sf.o)
 .bss           0x0080008a        0x0 w:/iti embedded systems/tools/01- imt_sdk_win_64/winavr/bin/../lib/gcc/avr/4.3.3/avr5\libgcc.a(_sf_to_si.o)
 .bss           0x0080008a        0x0 w:/iti embedded systems/tools/01- imt_sdk_win_64/winavr/bin/../lib/gcc/avr/4.3.3/avr5\libgcc.a(_thenan_sf.o)
 .bss           0x0080008a        0x0 w:/iti embedded systems/tools/01- imt_sdk_win_64/winavr/bin/../lib/gcc/avr/4.3.3/avr5\libgcc.a(_prologue.o)
 .bss           0x0080008a        0x0 w:/iti embedded systems/tools/01- imt_sdk_win_64/winavr/bin/../lib/gcc/avr/4.3.3/avr5\libgcc.a(_epilogue.o)
 .bss           0x0080008a        0x0 w:/iti embedded systems/tools/01- imt_sdk_win_64/winavr/bin/../lib/gcc/avr/4.3.3/avr5\libgcc.a(_pack_sf.o)
 .bss           0x0080008a        0x0 w:/iti embedded systems/tools/01- imt_sdk_win_64/winavr/bin/../lib/gcc/avr/4.3.3/avr5\libgcc.a(_unpack_sf.o)
 .bss           0x0080008a        0x0 w:/iti embedded systems/tools/01- imt_sdk_win_64/winavr/bin/../lib/gcc/avr/4.3.3/avr5\libgcc.a(_fpcmp_parts_sf.o)
 *(.bss*)
 .bss.ptr_f     0x0080008a        0x2 ./MCAL/TIMER/TIMER_Program.o
                0x0080008a                ptr_f
 .bss.ptr_fn    0x0080008c        0x2 ./MCAL/INTERRUPT/INT_Program.o
                0x0080008c                ptr_fn
 *(COMMON)
                0x0080008e                PROVIDE (__bss_end, .)
                0x00003846                __data_load_start = LOADADDR (.data)
                0x00003870                __data_load_end = (__data_load_start + SIZEOF (.data))

.noinit         0x0080008e        0x0
                0x0080008e                PROVIDE (__noinit_start, .)
 *(.noinit*)
                0x0080008e                PROVIDE (__noinit_end, .)
                0x0080008e                _end = .
                0x0080008e                PROVIDE (__heap_start, .)

.eeprom         0x00810000        0x0
 *(.eeprom*)
                0x00810000                __eeprom_end = .

.fuse
 *(.fuse)
 *(.lfuse)
 *(.hfuse)
 *(.efuse)

.lock
 *(.lock*)

.signature
 *(.signature*)

.stab           0x00000000     0x4098
 *(.stab)
 .stab          0x00000000      0x240 ./MCAL/UART/UART_program.o
 .stab          0x00000240      0x918 ./MCAL/TIMER/TIMER_Program.o
                                0x924 (size before relaxing)
 .stab          0x00000b58      0x6fc ./MCAL/INTERRUPT/INT_Program.o
                                0x8dc (size before relaxing)
 .stab          0x00001254      0x69c ./MCAL/DIO/DIO_Program.o
                                0x6a8 (size before relaxing)
 .stab          0x000018f0      0x1bc ./MCAL/ADC/ADC_program.o
                                0x1c8 (size before relaxing)
 .stab          0x00001aac      0x390 ./HAL/SWITCH/switch_program.o
                                0x39c (size before relaxing)
 .stab          0x00001e3c      0x33c ./HAL/LED/led_program.o
                                0x348 (size before relaxing)
 .stab          0x00002178      0xe58 ./HAL/LCD/lcd_program.o
                                0xfe4 (size before relaxing)
 .stab          0x00002fd0      0x528 ./HAL/KEY_PAD/KEY_PAD_program.o
                                0x6b4 (size before relaxing)
 .stab          0x000034f8      0x7bc ./HAL/7_SEGMENT/SevSeg_program.o
                                0x954 (size before relaxing)
 .stab          0x00003cb4      0x3e4 ./APP/main.o
                                0x3f0 (size before relaxing)

.stabstr        0x00000000     0x297f
 *(.stabstr)
 .stabstr       0x00000000     0x297f ./MCAL/UART/UART_program.o

.stab.excl
 *(.stab.excl)

.stab.exclstr
 *(.stab.exclstr)

.stab.index
 *(.stab.index)

.stab.indexstr
 *(.stab.indexstr)

.comment
 *(.comment)

.debug
 *(.debug)

.line
 *(.line)

.debug_srcinfo
 *(.debug_srcinfo)

.debug_sfnames
 *(.debug_sfnames)

.debug_aranges  0x00000000      0x140
 *(.debug_aranges)
 .debug_aranges
                0x00000000       0x20 w:/iti embedded systems/tools/01- imt_sdk_win_64/winavr/bin/../lib/gcc/avr/4.3.3/avr5\libgcc.a(_fixunssfsi.o)
 .debug_aranges
                0x00000020       0x20 w:/iti embedded systems/tools/01- imt_sdk_win_64/winavr/bin/../lib/gcc/avr/4.3.3/avr5\libgcc.a(_addsub_sf.o)
 .debug_aranges
                0x00000040       0x20 w:/iti embedded systems/tools/01- imt_sdk_win_64/winavr/bin/../lib/gcc/avr/4.3.3/avr5\libgcc.a(_mul_sf.o)
 .debug_aranges
                0x00000060       0x20 w:/iti embedded systems/tools/01- imt_sdk_win_64/winavr/bin/../lib/gcc/avr/4.3.3/avr5\libgcc.a(_gt_sf.o)
 .debug_aranges
                0x00000080       0x20 w:/iti embedded systems/tools/01- imt_sdk_win_64/winavr/bin/../lib/gcc/avr/4.3.3/avr5\libgcc.a(_ge_sf.o)
 .debug_aranges
                0x000000a0       0x20 w:/iti embedded systems/tools/01- imt_sdk_win_64/winavr/bin/../lib/gcc/avr/4.3.3/avr5\libgcc.a(_lt_sf.o)
 .debug_aranges
                0x000000c0       0x20 w:/iti embedded systems/tools/01- imt_sdk_win_64/winavr/bin/../lib/gcc/avr/4.3.3/avr5\libgcc.a(_sf_to_si.o)
 .debug_aranges
                0x000000e0       0x20 w:/iti embedded systems/tools/01- imt_sdk_win_64/winavr/bin/../lib/gcc/avr/4.3.3/avr5\libgcc.a(_pack_sf.o)
 .debug_aranges
                0x00000100       0x20 w:/iti embedded systems/tools/01- imt_sdk_win_64/winavr/bin/../lib/gcc/avr/4.3.3/avr5\libgcc.a(_unpack_sf.o)
 .debug_aranges
                0x00000120       0x20 w:/iti embedded systems/tools/01- imt_sdk_win_64/winavr/bin/../lib/gcc/avr/4.3.3/avr5\libgcc.a(_fpcmp_parts_sf.o)

.debug_pubnames
                0x00000000      0x170
 *(.debug_pubnames)
 .debug_pubnames
                0x00000000       0x23 w:/iti embedded systems/tools/01- imt_sdk_win_64/winavr/bin/../lib/gcc/avr/4.3.3/avr5\libgcc.a(_fixunssfsi.o)
 .debug_pubnames
                0x00000023       0x2c w:/iti embedded systems/tools/01- imt_sdk_win_64/winavr/bin/../lib/gcc/avr/4.3.3/avr5\libgcc.a(_addsub_sf.o)
 .debug_pubnames
                0x0000004f       0x1f w:/iti embedded systems/tools/01- imt_sdk_win_64/winavr/bin/../lib/gcc/avr/4.3.3/avr5\libgcc.a(_mul_sf.o)
 .debug_pubnames
                0x0000006e       0x1e w:/iti embedded systems/tools/01- imt_sdk_win_64/winavr/bin/../lib/gcc/avr/4.3.3/avr5\libgcc.a(_gt_sf.o)
 .debug_pubnames
                0x0000008c       0x1e w:/iti embedded systems/tools/01- imt_sdk_win_64/winavr/bin/../lib/gcc/avr/4.3.3/avr5\libgcc.a(_ge_sf.o)
 .debug_pubnames
                0x000000aa       0x1e w:/iti embedded systems/tools/01- imt_sdk_win_64/winavr/bin/../lib/gcc/avr/4.3.3/avr5\libgcc.a(_lt_sf.o)
 .debug_pubnames
                0x000000c8       0x20 w:/iti embedded systems/tools/01- imt_sdk_win_64/winavr/bin/../lib/gcc/avr/4.3.3/avr5\libgcc.a(_sf_to_si.o)
 .debug_pubnames
                0x000000e8       0x22 w:/iti embedded systems/tools/01- imt_sdk_win_64/winavr/bin/../lib/gcc/avr/4.3.3/avr5\libgcc.a(_thenan_sf.o)
 .debug_pubnames
                0x0000010a       0x1f w:/iti embedded systems/tools/01- imt_sdk_win_64/winavr/bin/../lib/gcc/avr/4.3.3/avr5\libgcc.a(_pack_sf.o)
 .debug_pubnames
                0x00000129       0x21 w:/iti embedded systems/tools/01- imt_sdk_win_64/winavr/bin/../lib/gcc/avr/4.3.3/avr5\libgcc.a(_unpack_sf.o)
 .debug_pubnames
                0x0000014a       0x26 w:/iti embedded systems/tools/01- imt_sdk_win_64/winavr/bin/../lib/gcc/avr/4.3.3/avr5\libgcc.a(_fpcmp_parts_sf.o)

.debug_info     0x00000000     0x1c49
 *(.debug_info)
 .debug_info    0x00000000       0xb1 w:/iti embedded systems/tools/01- imt_sdk_win_64/winavr/bin/../lib/gcc/avr/4.3.3/avr5\libgcc.a(_fixunssfsi.o)
 .debug_info    0x000000b1      0x47a w:/iti embedded systems/tools/01- imt_sdk_win_64/winavr/bin/../lib/gcc/avr/4.3.3/avr5\libgcc.a(_addsub_sf.o)
 .debug_info    0x0000052b      0x485 w:/iti embedded systems/tools/01- imt_sdk_win_64/winavr/bin/../lib/gcc/avr/4.3.3/avr5\libgcc.a(_mul_sf.o)
 .debug_info    0x000009b0      0x27f w:/iti embedded systems/tools/01- imt_sdk_win_64/winavr/bin/../lib/gcc/avr/4.3.3/avr5\libgcc.a(_gt_sf.o)
 .debug_info    0x00000c2f      0x27f w:/iti embedded systems/tools/01- imt_sdk_win_64/winavr/bin/../lib/gcc/avr/4.3.3/avr5\libgcc.a(_ge_sf.o)
 .debug_info    0x00000eae      0x27f w:/iti embedded systems/tools/01- imt_sdk_win_64/winavr/bin/../lib/gcc/avr/4.3.3/avr5\libgcc.a(_lt_sf.o)
 .debug_info    0x0000112d      0x2b0 w:/iti embedded systems/tools/01- imt_sdk_win_64/winavr/bin/../lib/gcc/avr/4.3.3/avr5\libgcc.a(_sf_to_si.o)
 .debug_info    0x000013dd      0x12c w:/iti embedded systems/tools/01- imt_sdk_win_64/winavr/bin/../lib/gcc/avr/4.3.3/avr5\libgcc.a(_thenan_sf.o)
 .debug_info    0x00001509      0x2df w:/iti embedded systems/tools/01- imt_sdk_win_64/winavr/bin/../lib/gcc/avr/4.3.3/avr5\libgcc.a(_pack_sf.o)
 .debug_info    0x000017e8      0x251 w:/iti embedded systems/tools/01- imt_sdk_win_64/winavr/bin/../lib/gcc/avr/4.3.3/avr5\libgcc.a(_unpack_sf.o)
 .debug_info    0x00001a39      0x210 w:/iti embedded systems/tools/01- imt_sdk_win_64/winavr/bin/../lib/gcc/avr/4.3.3/avr5\libgcc.a(_fpcmp_parts_sf.o)
 *(.gnu.linkonce.wi.*)

.debug_abbrev   0x00000000      0xeeb
 *(.debug_abbrev)
 .debug_abbrev  0x00000000       0x5d w:/iti embedded systems/tools/01- imt_sdk_win_64/winavr/bin/../lib/gcc/avr/4.3.3/avr5\libgcc.a(_fixunssfsi.o)
 .debug_abbrev  0x0000005d      0x1ea w:/iti embedded systems/tools/01- imt_sdk_win_64/winavr/bin/../lib/gcc/avr/4.3.3/avr5\libgcc.a(_addsub_sf.o)
 .debug_abbrev  0x00000247      0x21b w:/iti embedded systems/tools/01- imt_sdk_win_64/winavr/bin/../lib/gcc/avr/4.3.3/avr5\libgcc.a(_mul_sf.o)
 .debug_abbrev  0x00000462      0x15a w:/iti embedded systems/tools/01- imt_sdk_win_64/winavr/bin/../lib/gcc/avr/4.3.3/avr5\libgcc.a(_gt_sf.o)
 .debug_abbrev  0x000005bc      0x15a w:/iti embedded systems/tools/01- imt_sdk_win_64/winavr/bin/../lib/gcc/avr/4.3.3/avr5\libgcc.a(_ge_sf.o)
 .debug_abbrev  0x00000716      0x15a w:/iti embedded systems/tools/01- imt_sdk_win_64/winavr/bin/../lib/gcc/avr/4.3.3/avr5\libgcc.a(_lt_sf.o)
 .debug_abbrev  0x00000870      0x17f w:/iti embedded systems/tools/01- imt_sdk_win_64/winavr/bin/../lib/gcc/avr/4.3.3/avr5\libgcc.a(_sf_to_si.o)
 .debug_abbrev  0x000009ef       0xad w:/iti embedded systems/tools/01- imt_sdk_win_64/winavr/bin/../lib/gcc/avr/4.3.3/avr5\libgcc.a(_thenan_sf.o)
 .debug_abbrev  0x00000a9c      0x1c0 w:/iti embedded systems/tools/01- imt_sdk_win_64/winavr/bin/../lib/gcc/avr/4.3.3/avr5\libgcc.a(_pack_sf.o)
 .debug_abbrev  0x00000c5c      0x154 w:/iti embedded systems/tools/01- imt_sdk_win_64/winavr/bin/../lib/gcc/avr/4.3.3/avr5\libgcc.a(_unpack_sf.o)
 .debug_abbrev  0x00000db0      0x13b w:/iti embedded systems/tools/01- imt_sdk_win_64/winavr/bin/../lib/gcc/avr/4.3.3/avr5\libgcc.a(_fpcmp_parts_sf.o)

.debug_line     0x00000000      0xdad
 *(.debug_line)
 .debug_line    0x00000000       0xa7 w:/iti embedded systems/tools/01- imt_sdk_win_64/winavr/bin/../lib/gcc/avr/4.3.3/avr5\libgcc.a(_fixunssfsi.o)
 .debug_line    0x000000a7      0x2af w:/iti embedded systems/tools/01- imt_sdk_win_64/winavr/bin/../lib/gcc/avr/4.3.3/avr5\libgcc.a(_addsub_sf.o)
 .debug_line    0x00000356      0x239 w:/iti embedded systems/tools/01- imt_sdk_win_64/winavr/bin/../lib/gcc/avr/4.3.3/avr5\libgcc.a(_mul_sf.o)
 .debug_line    0x0000058f       0xd3 w:/iti embedded systems/tools/01- imt_sdk_win_64/winavr/bin/../lib/gcc/avr/4.3.3/avr5\libgcc.a(_gt_sf.o)
 .debug_line    0x00000662       0xd3 w:/iti embedded systems/tools/01- imt_sdk_win_64/winavr/bin/../lib/gcc/avr/4.3.3/avr5\libgcc.a(_ge_sf.o)
 .debug_line    0x00000735       0xd3 w:/iti embedded systems/tools/01- imt_sdk_win_64/winavr/bin/../lib/gcc/avr/4.3.3/avr5\libgcc.a(_lt_sf.o)
 .debug_line    0x00000808      0x109 w:/iti embedded systems/tools/01- imt_sdk_win_64/winavr/bin/../lib/gcc/avr/4.3.3/avr5\libgcc.a(_sf_to_si.o)
 .debug_line    0x00000911       0x90 w:/iti embedded systems/tools/01- imt_sdk_win_64/winavr/bin/../lib/gcc/avr/4.3.3/avr5\libgcc.a(_thenan_sf.o)
 .debug_line    0x000009a1      0x18a w:/iti embedded systems/tools/01- imt_sdk_win_64/winavr/bin/../lib/gcc/avr/4.3.3/avr5\libgcc.a(_pack_sf.o)
 .debug_line    0x00000b2b      0x14b w:/iti embedded systems/tools/01- imt_sdk_win_64/winavr/bin/../lib/gcc/avr/4.3.3/avr5\libgcc.a(_unpack_sf.o)
 .debug_line    0x00000c76      0x137 w:/iti embedded systems/tools/01- imt_sdk_win_64/winavr/bin/../lib/gcc/avr/4.3.3/avr5\libgcc.a(_fpcmp_parts_sf.o)

.debug_frame    0x00000000      0x160
 *(.debug_frame)
 .debug_frame   0x00000000       0x20 w:/iti embedded systems/tools/01- imt_sdk_win_64/winavr/bin/../lib/gcc/avr/4.3.3/avr5\libgcc.a(_fixunssfsi.o)
 .debug_frame   0x00000020       0x40 w:/iti embedded systems/tools/01- imt_sdk_win_64/winavr/bin/../lib/gcc/avr/4.3.3/avr5\libgcc.a(_addsub_sf.o)
 .debug_frame   0x00000060       0x20 w:/iti embedded systems/tools/01- imt_sdk_win_64/winavr/bin/../lib/gcc/avr/4.3.3/avr5\libgcc.a(_mul_sf.o)
 .debug_frame   0x00000080       0x20 w:/iti embedded systems/tools/01- imt_sdk_win_64/winavr/bin/../lib/gcc/avr/4.3.3/avr5\libgcc.a(_gt_sf.o)
 .debug_frame   0x000000a0       0x20 w:/iti embedded systems/tools/01- imt_sdk_win_64/winavr/bin/../lib/gcc/avr/4.3.3/avr5\libgcc.a(_ge_sf.o)
 .debug_frame   0x000000c0       0x20 w:/iti embedded systems/tools/01- imt_sdk_win_64/winavr/bin/../lib/gcc/avr/4.3.3/avr5\libgcc.a(_lt_sf.o)
 .debug_frame   0x000000e0       0x20 w:/iti embedded systems/tools/01- imt_sdk_win_64/winavr/bin/../lib/gcc/avr/4.3.3/avr5\libgcc.a(_sf_to_si.o)
 .debug_frame   0x00000100       0x20 w:/iti embedded systems/tools/01- imt_sdk_win_64/winavr/bin/../lib/gcc/avr/4.3.3/avr5\libgcc.a(_pack_sf.o)
 .debug_frame   0x00000120       0x20 w:/iti embedded systems/tools/01- imt_sdk_win_64/winavr/bin/../lib/gcc/avr/4.3.3/avr5\libgcc.a(_unpack_sf.o)
 .debug_frame   0x00000140       0x20 w:/iti embedded systems/tools/01- imt_sdk_win_64/winavr/bin/../lib/gcc/avr/4.3.3/avr5\libgcc.a(_fpcmp_parts_sf.o)

.debug_str      0x00000000      0x28d
 *(.debug_str)
 .debug_str     0x00000000       0xbf w:/iti embedded systems/tools/01- imt_sdk_win_64/winavr/bin/../lib/gcc/avr/4.3.3/avr5\libgcc.a(_fixunssfsi.o)
                                 0xfe (size before relaxing)
 .debug_str     0x000000bf      0x14d w:/iti embedded systems/tools/01- imt_sdk_win_64/winavr/bin/../lib/gcc/avr/4.3.3/avr5\libgcc.a(_addsub_sf.o)
                                0x206 (size before relaxing)
 .debug_str     0x0000020c       0x27 w:/iti embedded systems/tools/01- imt_sdk_win_64/winavr/bin/../lib/gcc/avr/4.3.3/avr5\libgcc.a(_mul_sf.o)
                                0x1bf (size before relaxing)
 .debug_str     0x00000233        0xf w:/iti embedded systems/tools/01- imt_sdk_win_64/winavr/bin/../lib/gcc/avr/4.3.3/avr5\libgcc.a(_gt_sf.o)
                                0x195 (size before relaxing)
 .debug_str     0x00000242        0x8 w:/iti embedded systems/tools/01- imt_sdk_win_64/winavr/bin/../lib/gcc/avr/4.3.3/avr5\libgcc.a(_ge_sf.o)
                                0x195 (size before relaxing)
 .debug_str     0x0000024a        0x8 w:/iti embedded systems/tools/01- imt_sdk_win_64/winavr/bin/../lib/gcc/avr/4.3.3/avr5\libgcc.a(_lt_sf.o)
                                0x195 (size before relaxing)
 .debug_str     0x00000252        0xa w:/iti embedded systems/tools/01- imt_sdk_win_64/winavr/bin/../lib/gcc/avr/4.3.3/avr5\libgcc.a(_sf_to_si.o)
                                0x19e (size before relaxing)
 .debug_str     0x00000000      0x103 w:/iti embedded systems/tools/01- imt_sdk_win_64/winavr/bin/../lib/gcc/avr/4.3.3/avr5\libgcc.a(_thenan_sf.o)
 .debug_str     0x0000025c       0x16 w:/iti embedded systems/tools/01- imt_sdk_win_64/winavr/bin/../lib/gcc/avr/4.3.3/avr5\libgcc.a(_pack_sf.o)
                                0x19d (size before relaxing)
 .debug_str     0x00000272        0xb w:/iti embedded systems/tools/01- imt_sdk_win_64/winavr/bin/../lib/gcc/avr/4.3.3/avr5\libgcc.a(_unpack_sf.o)
                                0x17f (size before relaxing)
 .debug_str     0x0000027d       0x10 w:/iti embedded systems/tools/01- imt_sdk_win_64/winavr/bin/../lib/gcc/avr/4.3.3/avr5\libgcc.a(_fpcmp_parts_sf.o)
                                0x163 (size before relaxing)

.debug_loc      0x00000000      0x7ce
 *(.debug_loc)
 .debug_loc     0x00000000       0x34 w:/iti embedded systems/tools/01- imt_sdk_win_64/winavr/bin/../lib/gcc/avr/4.3.3/avr5\libgcc.a(_fixunssfsi.o)
 .debug_loc     0x00000034      0x32a w:/iti embedded systems/tools/01- imt_sdk_win_64/winavr/bin/../lib/gcc/avr/4.3.3/avr5\libgcc.a(_addsub_sf.o)
 .debug_loc     0x0000035e      0x104 w:/iti embedded systems/tools/01- imt_sdk_win_64/winavr/bin/../lib/gcc/avr/4.3.3/avr5\libgcc.a(_mul_sf.o)
 .debug_loc     0x00000462       0x3c w:/iti embedded systems/tools/01- imt_sdk_win_64/winavr/bin/../lib/gcc/avr/4.3.3/avr5\libgcc.a(_gt_sf.o)
 .debug_loc     0x0000049e       0x3c w:/iti embedded systems/tools/01- imt_sdk_win_64/winavr/bin/../lib/gcc/avr/4.3.3/avr5\libgcc.a(_ge_sf.o)
 .debug_loc     0x000004da       0x3c w:/iti embedded systems/tools/01- imt_sdk_win_64/winavr/bin/../lib/gcc/avr/4.3.3/avr5\libgcc.a(_lt_sf.o)
 .debug_loc     0x00000516       0x7e w:/iti embedded systems/tools/01- imt_sdk_win_64/winavr/bin/../lib/gcc/avr/4.3.3/avr5\libgcc.a(_sf_to_si.o)
 .debug_loc     0x00000594      0x13e w:/iti embedded systems/tools/01- imt_sdk_win_64/winavr/bin/../lib/gcc/avr/4.3.3/avr5\libgcc.a(_pack_sf.o)
 .debug_loc     0x000006d2       0xac w:/iti embedded systems/tools/01- imt_sdk_win_64/winavr/bin/../lib/gcc/avr/4.3.3/avr5\libgcc.a(_unpack_sf.o)
 .debug_loc     0x0000077e       0x50 w:/iti embedded systems/tools/01- imt_sdk_win_64/winavr/bin/../lib/gcc/avr/4.3.3/avr5\libgcc.a(_fpcmp_parts_sf.o)

.debug_macinfo
 *(.debug_macinfo)
OUTPUT(new_project.elf elf32-avr)
LOAD linker stubs

.debug_ranges   0x00000000       0x50
 .debug_ranges  0x00000000       0x50 w:/iti embedded systems/tools/01- imt_sdk_win_64/winavr/bin/../lib/gcc/avr/4.3.3/avr5\libgcc.a(_mul_sf.o)
